net 3: (7 30)->(7 30) 0 0 0 0 #timing (733 733) ps
net 3: (7 30)->(5 28) 1 3 0 0 #timing (898 870) ps
net 3: (5 28)->(7 28) 1 2 0 1 #timing (1160 1098) ps 
net 3: (7 28)->(7 29) 0 1 0 1 #timing (1268 1313) ps 
net 4: (7 13)->(6 13) 0 2 0 0 #timing (645 645) ps
net 4: (6 13)->(6 13) 1 0 0 0 #timing (727 731) ps
net 4: (6 13)->(6 15) 1 1 0 1 #timing (972 931) ps 
net 4: (6 15)->(7 14) 0 3 0 1 #timing (1081 1122) ps 
net 5: (6 13)->(7 12) 0 3 0 0 #timing (762 762) ps
net 5: (7 12)->(7 14) 1 1 0 0 #timing (896 886) ps
net 5: (7 14)->(7 14) 1 0 0 1 #timing (1120 1084) ps 
net 5: (7 14)->(6 14) 0 2 0 1 #timing (1172 1213) ps 
net 6: (7 15)->(7 14) 0 1 0 0 #timing (827 827) ps
net 6: (7 14)->(7 14) 1 0 0 0 #timing (919 918) ps
net 6: (7 14)->(7 14) 1 0 1 1 #timing (1125 1090) ps 
net 6: (7 14)->(7 15) 0 1 0 1 #timing (1201 1231) ps 
net 7: (6 15)->(7 15) 0 2 0 0 #timing (801 801) ps
net 7: (7 15)->(7 15) 1 0 0 0 #timing (875 881) ps
net 7: (7 15)->(7 15) 1 0 1 1 #timing (1080 1052) ps 
net 7: (7 15)->(6 15) 0 2 0 1 #timing (1132 1167) ps 
net 8: (7 16)->(7 16) 0 0 0 0 #timing (679 679) ps
net 8: (7 16)->(5 18) 1 3 0 0 #timing (825 806) ps
net 8: (5 18)->(7 16) 1 3 0 1 #timing (1132 1075) ps 
net 8: (7 16)->(7 16) 0 0 0 1 #timing (1199 1277) ps 
net 9: (6 16)->(6 16) 0 0 0 0 #timing (671 671) ps
net 9: (6 16)->(4 18) 1 3 0 0 #timing (842 813) ps
net 9: (4 18)->(6 16) 1 3 0 1 #timing (1171 1094) ps 
net 9: (6 16)->(6 16) 0 0 0 1 #timing (1249 1348) ps 
net 10: (7 18)->(7 18) 0 0 0 0 #timing (733 733) ps
net 10: (7 18)->(5 16) 1 3 0 0 #timing (899 870) ps
net 10: (5 16)->(7 16) 1 2 0 1 #timing (1153 1095) ps 
net 10: (7 16)->(7 17) 0 1 0 1 #timing (1266 1309) ps 
net 11: (6 18)->(6 19) 0 1 0 0 #timing (697 697) ps
net 11: (6 19)->(6 19) 1 0 0 0 #timing (790 792) ps
net 11: (6 19)->(6 17) 1 1 0 1 #timing (1043 997) ps 
net 11: (6 17)->(6 17) 0 0 0 1 #timing (1171 1207) ps 
net 12: (7 19)->(7 19) 0 0 0 0 #timing (637 637) ps
net 12: (7 19)->(5 17) 1 3 0 0 #timing (799 774) ps
net 12: (5 17)->(5 21) 3 1 0 1 #timing (1238 1120) ps 
net 12: (5 21)->(7 21) 1 2 0 1 #timing (1390 1259) ps 
net 12: (7 21)->(7 20) 0 1 0 1 #timing (1385 1523) ps 
net 13: (6 19)->(6 19) 0 0 0 0 #timing (652 652) ps
net 13: (6 19)->(4 17) 1 3 0 0 #timing (837 800) ps
net 13: (4 17)->(4 21) 3 1 0 1 #timing (1258 1143) ps 
net 13: (4 21)->(6 21) 1 2 0 1 #timing (1402 1277) ps 
net 13: (6 21)->(6 20) 0 1 0 1 #timing (1420 1557) ps 
net 14: (7 21)->(7 21) 0 0 0 0 #timing (761 761) ps
net 14: (7 21)->(5 23) 1 3 0 0 #timing (893 878) ps
net 14: (5 23)->(7 21) 1 3 0 1 #timing (1189 1138) ps 
net 14: (7 21)->(7 21) 0 0 0 1 #timing (1279 1340) ps 
net 15: (6 21)->(6 21) 0 0 0 0 #timing (797 797) ps
net 15: (6 21)->(4 23) 1 3 0 0 #timing (958 930) ps
net 15: (4 23)->(6 21) 1 3 0 1 #timing (1298 1218) ps 
net 15: (6 21)->(6 21) 0 0 0 1 #timing (1377 1480) ps 
net 16: (7 22)->(7 22) 0 0 0 0 #timing (679 679) ps
net 16: (7 22)->(5 20) 1 3 0 0 #timing (852 821) ps
net 16: (5 20)->(7 22) 1 3 0 1 #timing (1162 1084) ps 
net 16: (7 22)->(7 22) 0 0 0 1 #timing (1241 1335) ps 
net 17: (6 22)->(6 22) 0 0 0 0 #timing (671 671) ps
net 17: (6 22)->(4 20) 1 3 0 0 #timing (856 821) ps
net 17: (4 20)->(6 22) 1 3 0 1 #timing (1212 1103) ps 
net 17: (6 22)->(6 22) 0 0 0 1 #timing (1255 1403) ps 
net 18: (7 24)->(7 24) 0 0 0 0 #timing (733 733) ps
net 18: (7 24)->(5 26) 1 3 0 0 #timing (889 865) ps
net 18: (5 26)->(5 22) 3 4 0 1 #timing (1403 1264) ps 
net 18: (5 22)->(7 22) 1 2 0 1 #timing (1543 1398) ps 
net 18: (7 22)->(7 23) 0 1 0 1 #timing (1569 1694) ps 
net 19: (6 24)->(6 24) 0 0 0 0 #timing (706 706) ps
net 19: (6 24)->(4 26) 1 3 0 0 #timing (872 844) ps
net 19: (4 26)->(4 22) 3 4 0 1 #timing (1388 1239) ps 
net 19: (4 22)->(6 22) 1 2 0 1 #timing (1536 1375) ps 
net 19: (6 22)->(6 23) 0 1 0 1 #timing (1492 1679) ps 
net 20: (7 25)->(7 25) 0 0 0 0 #timing (637 637) ps
net 20: (7 25)->(5 27) 1 3 0 0 #timing (788 768) ps
net 20: (5 27)->(7 27) 1 2 0 1 #timing (1055 1008) ps 
net 20: (7 27)->(7 26) 0 1 0 1 #timing (1135 1191) ps 
net 21: (6 25)->(6 25) 0 0 0 0 #timing (652 652) ps
net 21: (6 25)->(4 27) 1 3 0 0 #timing (823 793) ps
net 21: (4 27)->(6 27) 1 2 0 1 #timing (1128 1055) ps 
net 21: (6 27)->(6 26) 0 1 0 1 #timing (1197 1280) ps 
net 22: (7 27)->(7 27) 0 0 0 0 #timing (761 761) ps
net 22: (7 27)->(5 25) 1 3 0 0 #timing (918 890) ps
net 22: (5 25)->(7 27) 1 3 0 1 #timing (1220 1145) ps 
net 22: (7 27)->(7 27) 0 0 0 1 #timing (1283 1381) ps 
net 23: (6 27)->(6 27) 0 0 0 0 #timing (797 797) ps
net 23: (6 27)->(4 25) 1 3 0 0 #timing (986 945) ps
net 23: (4 25)->(6 27) 1 3 0 1 #timing (1309 1213) ps 
net 23: (6 27)->(6 27) 0 0 0 1 #timing (1377 1493) ps 
net 24: (7 28)->(7 28) 0 0 0 0 #timing (679 679) ps
net 24: (7 28)->(5 30) 1 3 0 0 #timing (819 802) ps
net 24: (5 30)->(7 28) 1 3 0 1 #timing (1118 1061) ps 
net 24: (7 28)->(7 28) 0 0 0 1 #timing (1186 1264) ps 
net 25: (6 28)->(6 28) 0 0 0 0 #timing (671 671) ps
net 25: (6 28)->(4 30) 1 3 0 0 #timing (834 808) ps
net 25: (4 30)->(6 28) 1 3 0 1 #timing (1175 1095) ps 
net 25: (6 28)->(6 28) 0 0 0 1 #timing (1255 1359) ps 
net 54: (7 29)->(7 29) 0 0 0 0 #timing (216 216) ps
net 54: (7 29)->(7 31) 1 1 0 0 #timing (344 332) ps
net 54: (7 31)->(7 31) 1 0 1 1 #timing (572 539) ps 
net 54: (7 31)->(6 31) 0 2 0 1 #timing (620 659) ps 
