####   Resource Utilization Report   ####
    Top level module name: main

    Resource usage:

        CLB LUT5s:    23/1120 (2.05%)
            Lut5:                          23 (2.05%)
            Lut5 for Shift-register:       0 (0.00%)
            Lut5 for Distributed memory:   0 (0.00%)

        FFs:    24
        CLB FFs: 23/1120 (2.05%)
        IOB FFs: 1/736 (0.14%)

        CLBs:      6/140 (4.29%)
        Tiles:     1/1 (100.00%)

        RTL Input ports:     1 
        RTL Output ports:    3 
        GPIOs:               1/19 (5.26%)

        PLLs:        0/1 (0.00%)
        OSCs:        1/1 (100.00%)
        4k BRAMs:    0/8 (0.00%)

        1 Clock
           Clock 0: net     2, clk, Fanout: 7 CLBs
           Total 1 unique clocks

####   Resource Utilization Complete   ####
TILE-REQ:		0		0		0		1
### Total FPGA resources from current floorplan: ###
                       184 IOBs
                       140 Logic 6-LUT CLBs
                              40 CLBs support RAM/SR
Usage of Logic CLBs is 4.3%.
    Logic-Memory CLB for RAM/Shift-Register is 0.0%.
Usage of LUTs is 4.3%.
    dual-LUTs is 0.0%.
Usage of FF is 4.1%.
    dual-FF is 0.0%.
Usage of IO CLB is 1.1%.
